// Jest Snapshot v1, https://goo.gl/fbAQLP

exports[`<Footer /> renders the <Footer /> with populated data 1`] = `
<div
  class="footer__Container-sc-qu6i6-0 hoSnBD"
>
  <p
    class="footer__Title-sc-qu6i6-4 euNNgW"
  >
    Questions? Ask Me!
  </p>
  <p
    class="footer__Break-sc-qu6i6-6 cPBIKh"
  />
  <div
    class="footer__Row-sc-qu6i6-2 bXVnbl"
  >
    <div
      class="footer__Column-sc-qu6i6-1 kXVIYP"
    >
      <a
        class="footer__Link-sc-qu6i6-3 hbjDoA"
        href="#"
      >
        FAQ
      </a>
      <a
        class="footer__Link-sc-qu6i6-3 hbjDoA"
        href="#"
      >
        Investor Relations
      </a>
      <a
        class="footer__Link-sc-qu6i6-3 hbjDoA"
        href="#"
      >
        Ways to Watch
      </a>
      <a
        class="footer__Link-sc-qu6i6-3 hbjDoA"
        href="#"
      >
        Corporate Information
      </a>
      <a
        class="footer__Link-sc-qu6i6-3 hbjDoA"
        href="#"
      >
        Netflix Originals
      </a>
    </div>
    <div
      class="footer__Column-sc-qu6i6-1 kXVIYP"
    >
      <a
        class="footer__Link-sc-qu6i6-3 hbjDoA"
        href="#"
      >
        Help Centre
      </a>
      <a
        class="footer__Link-sc-qu6i6-3 hbjDoA"
        href="#"
      >
        Jobs
      </a>
      <a
        class="footer__Link-sc-qu6i6-3 hbjDoA"
        href="#"
      >
        Terms of Use
      </a>
      <a
        class="footer__Link-sc-qu6i6-3 hbjDoA"
        href="#"
      >
        Contact Us
      </a>
    </div>
    <div
      class="footer__Column-sc-qu6i6-1 kXVIYP"
    >
      <a
        class="footer__Link-sc-qu6i6-3 hbjDoA"
        href="#"
      >
        Account
      </a>
      <a
        class="footer__Link-sc-qu6i6-3 hbjDoA"
        href="#"
      >
        Redeem Gift Cards
      </a>
      <a
        class="footer__Link-sc-qu6i6-3 hbjDoA"
        href="#"
      >
        Privacy
      </a>
      <a
        class="footer__Link-sc-qu6i6-3 hbjDoA"
        href="#"
      >
        Speed Test
      </a>
    </div>
    <div
      class="footer__Column-sc-qu6i6-1 kXVIYP"
    >
      <a
        class="footer__Link-sc-qu6i6-3 hbjDoA"
        href="#"
      >
        Media Centre
      </a>
      <a
        class="footer__Link-sc-qu6i6-3 hbjDoA"
        href="#"
      >
        Buy Gift Cards
      </a>
      <a
        class="footer__Link-sc-qu6i6-3 hbjDoA"
        href="#"
      >
        Cookie Preferences
      </a>
      <a
        class="footer__Link-sc-qu6i6-3 hbjDoA"
        href="#"
      >
        Legal Notices
      </a>
    </div>
  </div>
  <p
    class="footer__Break-sc-qu6i6-6 cPBIKh"
  />
  <p
    class="footer__Text-sc-qu6i6-5 izvmYz"
  >
    Netflix Nigeria
  </p>
</div>
`;
