// Jest Snapshot v1, https://goo.gl/fbAQLP

exports[`<Jumbotron /> renders the <Jumbotron /> with populated data 1`] = `
<div
  class="jumbotron__Container-sc-es77m8-6 kgxlKC"
>
  <div
    class="jumbotron__Item-sc-es77m8-0 iva-DVH"
  >
    <div
      class="jumbotron__Inner-sc-es77m8-1 fZEbFN"
      direction="row"
    >
      <div
        class="jumbotron__Pane-sc-es77m8-2 hdMdCl"
      >
        <h1
          class="jumbotron__Title-sc-es77m8-3 caCKaq"
        >
          Enjoy on your TV.
        </h1>
        <h2
          class="jumbotron__SubTitle-sc-es77m8-4 dDxhcP"
        >
          Watch on smart TVs, PlayStation, Xbox, Chromecast, Apple TV, Blu-ray players and more.
        </h2>
      </div>
      <div
        class="jumbotron__Pane-sc-es77m8-2 hdMdCl"
      >
        <img
          alt="Tiger King on Netflix"
          class="jumbotron__Image-sc-es77m8-5 bpcHfB"
          data-testid="1-jumbo-image"
          src="/images/misc/home-tv.jpg"
        />
      </div>
    </div>
  </div>
  <div
    class="jumbotron__Item-sc-es77m8-0 iva-DVH"
  >
    <div
      class="jumbotron__Inner-sc-es77m8-1 fZEbFN"
      direction="row"
    >
      <div
        class="jumbotron__Pane-sc-es77m8-2 hdMdCl"
      >
        <h1
          class="jumbotron__Title-sc-es77m8-3 caCKaq"
        >
          Download your shows to watch offline.
        </h1>
        <h2
          class="jumbotron__SubTitle-sc-es77m8-4 dDxhcP"
        >
          Save your favorites easily and always have something to watch.
        </h2>
      </div>
      <div
        class="jumbotron__Pane-sc-es77m8-2 hdMdCl"
      >
        <img
          alt="Watch on mobile"
          class="jumbotron__Image-sc-es77m8-5 bpcHfB"
          data-testid="2-jumbo-image"
          src="/images/misc/home-mobile.jpg"
        />
      </div>
    </div>
  </div>
  <div
    class="jumbotron__Item-sc-es77m8-0 iva-DVH"
  >
    <div
      class="jumbotron__Inner-sc-es77m8-1 fZEbFN"
      direction="row"
    >
      <div
        class="jumbotron__Pane-sc-es77m8-2 hdMdCl"
      >
        <h1
          class="jumbotron__Title-sc-es77m8-3 caCKaq"
        >
          Watch everywhere.
        </h1>
        <h2
          class="jumbotron__SubTitle-sc-es77m8-4 dDxhcP"
        >
          Stream unlimited films and TV programmes on your phone, tablet, laptop and TV without paying more.
        </h2>
      </div>
      <div
        class="jumbotron__Pane-sc-es77m8-2 hdMdCl"
      >
        <img
          alt="Money Heist on Netflix"
          class="jumbotron__Image-sc-es77m8-5 bpcHfB"
          data-testid="3-jumbo-image"
          src="/images/misc/home-imac.jpg"
        />
      </div>
    </div>
  </div>
  <div
    class="jumbotron__Item-sc-es77m8-0 iva-DVH"
  >
    <div
      class="jumbotron__Inner-sc-es77m8-1 fZEbFN"
      direction="row"
    >
      <div
        class="jumbotron__Pane-sc-es77m8-2 hdMdCl"
      >
        <h1
          class="jumbotron__Title-sc-es77m8-3 caCKaq"
        >
          Create profiles for kids.
        </h1>
        <h2
          class="jumbotron__SubTitle-sc-es77m8-4 dDxhcP"
        >
          Send kids on adventures with their favorite characters in a space made just for themâ€”free with your membership.
        </h2>
      </div>
      <div
        class="jumbotron__Pane-sc-es77m8-2 hdMdCl"
      >
        <img
          alt="Netflix for kids"
          class="jumbotron__Image-sc-es77m8-5 bpcHfB"
          data-testid="4-jumbo-image"
          src="/images/misc/home-kids.png"
        />
      </div>
    </div>
  </div>
</div>
`;
